Data race on field jtsan.ExecutorTests.sharedVar: \{\{\{(.*)---->  at jtsan.ExecutorTests.lambda\$fixedThreadPoolRaceyTasks\$5\(ExecutorTests.java:23\)(.*)---->  at jtsan.ExecutorTests.lambda\$fixedThreadPoolRaceyTasks\$5\(ExecutorTests.java:23\)(.*)\}\}\}

Data race on field jtsan.ExecutorTests.sharedVar: \{\{\{(.*)---->  at jtsan.ExecutorTests.lambda\$cachedThreadPoolRaceyTasks\$6\(ExecutorTests.java:33\)(.*)---->  at jtsan.ExecutorTests.lambda\$cachedThreadPoolRaceyTasks\$6\(ExecutorTests.java:33\)(.*)\}\}\}

Data race on field jtsan.ExecutorTests.sharedVar: \{\{\{(.*)---->  at jtsan.ExecutorTests.lambda\$shutdownWrong\$7\(ExecutorTests.java:44\)(.*)---->  at jtsan.ExecutorTests.lambda\$shutdownWrong\$7\(ExecutorTests.java:44\)(.*)\}\}\}
