Data race on global 'Account::Bank_Total' of size 4 at 0x000001532b28 \(a\.out \+ 0x000001532b29\): \{\{\{(.*)---->  at fn:Account::Service\(int, int\);file:account\.cc;line:47(.*)---->  at fn:Account::Service\(int, int\);file:account\.cc;line:47(.*)}}}
