Data race on global 'condition' of size 1 at 0x000001527fa8 \(a\.out \+ 0x000001527fa8\): \{\{\{(.*)---->  at fn:thread1\(\);file:<null>;line:0(.*)---->  at fn:thread2\(\);file:<null>;line:0(.*)\}\}\}
