Data race on global 'x' of size 4 at 0x0000014a0bd8 \(a\.out \+ 0x0000014a0bd8\): \{\{\{(.*)---->  at fn:MyThread;file:<null>;line:0(.*)---->  at fn:main;file:<null>;line:0(.*)\}\}\}
