Data race on global 'v' of size 24 at 0x000001524ee8 \(a\.out \+ 0x000001524ee8\): \{\{\{(.*)---->  at fn:void std::vector<int, std::allocator<int> >::_M_emplace_back_aux<int>\(int&&\);file:<null>;line:0(.*)---->  at fn:void std::vector<int, std::allocator<int> >::_M_emplace_back_aux<int>\(int&&\);file:<null>;line:0(.*)\}\}\}
