(?s)(.*)Race on field benchmarks.montecarlo.Universal.UNIVERSAL_DEBUG between two instances of:(\s)*benchmarks.montecarlo.Universal.<init>\(Universal.java:63\)(.*)
