(?s)(.*)Possible data race on array element #(\d)*: \{\{\{(.*)---->  at benchmarks.moldyn.TournamentBarrier.DoBarrier\(TournamentBarrier.java:76\)(.*)---->  at benchmarks.moldyn.TournamentBarrier.DoBarrier\(TournamentBarrier.java:78\)(.*)\}\}\}

(?s)(.*)Possible data race on array element #(\d)*: \{\{\{(.*)---->  at benchmarks.moldyn.TournamentBarrier.DoBarrier\(TournamentBarrier.java:65\)(.*)---->  at benchmarks.moldyn.TournamentBarrier.DoBarrier\(TournamentBarrier.java:76\)(.*)\}\}\}
