(?s)(.*)Possible data race on array element #(\d)*: \{\{\{(.*)---->  at bubblesort.OneBubble.SwapConsecutives\(OneBubble.java:63\)(.*)---->  at bubblesort.OneBubble.run\(OneBubble.java:51\)(.*)\}\}\}

(?s)(.*)Possible data race on array element #(\d)*: \{\{\{(.*)---->  at bubblesort.OneBubble.SwapConsecutives\(OneBubble.java:64\)(.*)---->  at bubblesort.OneBubble.run\(OneBubble.java:51\)(.*)\}\}\}

(?s)(.*)Possible data race on array element #(\d)*: \{\{\{(.*)---->  at bubblesort.BubbleSortImpl.PrintArray\(BubbleSortImpl.java:99\)(.*)---->  at bubblesort.OneBubble.SwapConsecutives\(OneBubble.java:63\)(.*)\}\}\}

(?s)(.*)Possible data race on array element #(\d)*: \{\{\{(.*)---->  at bubblesort.BubbleSortImpl.PrintArray\(BubbleSortImpl.java:99\)(.*)---->  at bubblesort.OneBubble.SwapConsecutives\(OneBubble.java:64\)(.*)\}\}\}

(?s)(.*)Possible data race on array element #(\d)*: \{\{\{(.*)---->  at bubblesort.OneBubble.SwapConsecutives\(OneBubble.java:64\)(.*)---->  at bubblesort.Reporter.IndicateBug\(Reporter.java:126\)(.*)\}\}\}

(?s)(.*)Possible data race on array element #(\d)*: \{\{\{(.*)---->  at bubblesort.OneBubble.SwapConsecutives\(OneBubble.java:63\)(.*)---->  at bubblesort.Reporter.IndicateBug\(Reporter.java:126\)(.*)\}\}\}
