(?s)(.*)Race on field org.apache.mina.core.session.AbstractIoSession.attributes between:(\s)*org.apache.mina.core.session.AbstractIoSession.setAttribute\(AbstractIoSession.java:482\)(\s)*org.apache.mina.core.session.AbstractIoSession.setAttributeMap\(AbstractIoSession.java:552\)(.*)

(?s)(.*)Race on field org.apache.mina.core.filterchain.DefaultIoFilterChain\$EntryImpl.nextEntry between:(\s)*org.apache.mina.core.filterchain.DefaultIoFilterChain\$EntryImpl.access\$300\(DefaultIoFilterChain.java:741\)(\s)*org.apache.mina.core.filterchain.DefaultIoFilterChain\$EntryImpl.access\$302\(DefaultIoFilterChain.java:741\)(.*)

(?s)(.*)Race on field org.apache.mina.core.buffer.IoBuffer.allocator between:(\s)*org.apache.mina.core.buffer.IoBuffer.allocate\(IoBuffer.java:218\)(\s)*org.apache.mina.core.buffer.IoBuffer.setAllocator\(IoBuffer.java:169\)(.*)

(?s)(.*)Race on field org.apache.mina.core.buffer.IoBuffer.allocator between:(\s)*org.apache.mina.core.buffer.IoBuffer.setAllocator\(IoBuffer.java:167\)(\s)*org.apache.mina.core.buffer.IoBuffer.setAllocator\(IoBuffer.java:169\)(.*)

(?s)(.*)Race on field org.apache.mina.core.buffer.IoBuffer.allocator between two instances of:(\s)*org.apache.mina.core.buffer.IoBuffer.setAllocator\(IoBuffer.java:169\)(.*)

(?s)(.*)Race on field org.apache.mina.core.buffer.AbstractIoBuffer.mark between two instances of:(\s)*org.apache.mina.core.buffer.AbstractIoBuffer.mark\(AbstractIoBuffer.java:402\)(.*)

(?s)(.*)Race on field org.apache.mina.core.service.IoServiceStatistics.lastReadTime between two instances of:(\s)*org.apache.mina.core.service.IoServiceStatistics.increaseReadBytes\(IoServiceStatistics.java:318\)(.*)

(?s)(.*)Race on field org.apache.mina.core.service.IoServiceStatistics.lastWriteTime between two instances of:(\s)*org.apache.mina.core.service.IoServiceStatistics.increaseWrittenBytes\(IoServiceStatistics.java:336\)(.*)

(?s)(.*)Race on field org.apache.mina.core.service.IoServiceStatistics.lastReadTime between two instances of:(\s)*org.apache.mina.core.service.IoServiceStatistics.increaseReadMessages\(IoServiceStatistics.java:327\)(.*)
