(?s)(.*)Data race on field jtsan.ThreadRunner.sharedVar: \{\{\{(.*)---->  at jtsan.JUConcurrentTests\$1.thread1\(JUConcurrentTests.java:63\)(.*)---->  at jtsan.JUConcurrentTests\$1.thread1\(JUConcurrentTests.java:63\)(.*)\}\}\}

(?s)(.*)Data race on field jtsan.ThreadRunner.sharedVar: \{\{\{(.*)---->  at jtsan.JUConcurrentTests\$2.thread1\(JUConcurrentTests.java:95\)(.*)---->  at jtsan.JUConcurrentTests\$2.thread2\(JUConcurrentTests.java:102\)(.*)\}\}\}

(?s)(.*)Data race on field jtsan.ThreadRunner.sharedVar: \{\{\{(.*)---->  at jtsan.JUConcurrentTests\$3.thread1\(JUConcurrentTests.java:130\)(.*)---->  at jtsan.JUConcurrentTests\$3.thread1\(JUConcurrentTests.java:131\)(.*)\}\}\}

(?s)(.*)Data race on field jtsan.ThreadRunner.sharedVar: \{\{\{(.*)---->  at jtsan.JUConcurrentTests\$4.thread1\(JUConcurrentTests.java:160\)(.*)---->  at jtsan.JUConcurrentTests\$4.thread2\(JUConcurrentTests.java:168\)(.*)\}\}\}

(?s)(.*)Data race on field jtsan.ThreadRunner.sharedVar: \{\{\{(.*)---->  at jtsan.JUConcurrentTests\$5.thread1\(JUConcurrentTests.java:188\)(.*)---->  at jtsan.JUConcurrentTests\$5.thread2\(JUConcurrentTests.java:199\)(.*)\}\}\}

(?s)(.*)Data race on field jtsan.ThreadRunner.sharedVar: \{\{\{(.*)---->  at jtsan.JUConcurrentTests\$5.thread2\(JUConcurrentTests.java:199\)(.*)---->  at jtsan.JUConcurrentTests\$5.thread3\(JUConcurrentTests.java:206\)(.*)\}\}\}

(?s)(.*)Data race on field jtsan.ThreadRunner.sharedVar: \{\{\{(.*)---->  at jtsan.JUConcurrentTests\$5.thread1\(JUConcurrentTests.java:188\)(.*)---->  at jtsan.JUConcurrentTests\$5.thread3\(JUConcurrentTests.java:206\)(.*)\}\}\}

(?s)(.*)Data race on field jtsan.ThreadRunner.sharedVar: \{\{\{(.*)---->  at jtsan.JUConcurrentTests\$6.thread1\(JUConcurrentTests.java:226\)(.*)---->  at jtsan.JUConcurrentTests\$6.thread2\(JUConcurrentTests.java:237\)(.*)\}\}\}
