(?s)(.*)Data race on field HelloWorld.x: \{\{\{(.*)---->  at HelloWorld\$MyThread.run\(HelloWorld.java:40\)(.*)---->  at HelloWorld.printHello\(HelloWorld.java:23\)(.*)\}\}\}
